[DEEP] 小阿爾克那 56 張深度解讀已載入
[DEEP] 宮廷牌 16 張深度解讀已載入，78/78 完成
[牌陣] 自適應佈局 v2 + 完成判定已啟用
[OOTK v95] Golden Dawn Book T Opening of the Key 已載入
[OOTK-UI] Opening of the Key 前端 UI 已載入
✓ Home animation failure cannot prevent opening or finishing the shuffle
[DEEP] 小阿爾克那 56 張深度解讀已載入
[DEEP] 宮廷牌 16 張深度解讀已載入，78/78 完成
[牌陣] 自適應佈局 v2 + 完成判定已啟用
[OOTK v95] Golden Dawn Book T Opening of the Key 已載入
[OOTK-UI] Opening of the Key 前端 UI 已載入
✓ Phase initialization failure falls back to the illustrated ritual, never to a completed draw
[DEEP] 小阿爾克那 56 張深度解讀已載入
[DEEP] 宮廷牌 16 張深度解讀已載入，78/78 完成
[牌陣] 自適應佈局 v2 + 完成判定已啟用
[OOTK v95] Golden Dawn Book T Opening of the Key 已載入
[OOTK-UI] Opening of the Key 前端 UI 已載入
✓ Failure after mounting rolls back its lock; the same visible button retries the same question and deck
[DEEP] 小阿爾克那 56 張深度解讀已載入
[DEEP] 宮廷牌 16 張深度解讀已載入，78/78 完成
[牌陣] 自適應佈局 v2 + 完成判定已啟用
[OOTK v95] Golden Dawn Book T Opening of the Key 已載入
[OOTK-UI] Opening of the Key 前端 UI 已載入
✓ Failure before a dialog attaches releases the lock and leaves body scrolling intact
[DEEP] 小阿爾克那 56 張深度解讀已載入
[DEEP] 宮廷牌 16 張深度解讀已載入，78/78 完成
[牌陣] 自適應佈局 v2 + 完成判定已啟用
[OOTK v95] Golden Dawn Book T Opening of the Key 已載入
[OOTK-UI] Opening of the Key 前端 UI 已載入
✓ A mixed-version caller throwing after play is cancelled without invoking return-to-input
[DEEP] 小阿爾克那 56 張深度解讀已載入
[DEEP] 宮廷牌 16 張深度解讀已載入，78/78 完成
[牌陣] 自適應佈局 v2 + 完成判定已啟用
[OOTK v95] Golden Dawn Book T Opening of the Key 已載入
[OOTK-UI] Opening of the Key 前端 UI 已載入
✓ Deck preparation failure retries locally without changing question, spread or session epoch
✓ All seven rituals complete once despite scene disposal and home-resume failures
✓ Mid-gesture GPU errors leave user-led completion and cancellation available
✓ Actual home scene clears a failed renderer before suspension, hover or remount can affect a ritual
✓ Real Three.js resources are still released when renderer.dispose throws
shuffle-recovery: 10 groups passed (fault injection, not phone-specific error reproduction).
