npm warn Unknown env config "http-proxy". This will stop working in the next major version of npm.

> test:prompt-budget
> node tests/prompt-budget-20261003.cjs && node tests/western-moon-orb-20261003.cjs && node tests/horary-denials-20261003.cjs

PASS bazi full chart unchanged, complete text, bounded optional parts and actual core facts
PASS ziwei full chart unchanged, complete text, bounded optional parts and actual core facts
PASS astro full chart unchanged, complete text, bounded optional parts and actual core facts
PASS vedic full chart unchanged, complete text, bounded optional parts and actual core facts
PASS liuren full chart unchanged, complete text, bounded optional parts and actual core facts
PASS liuyao full chart unchanged, complete text, bounded optional parts and actual core facts
PASS yijing full chart unchanged, complete text, bounded optional parts and actual core facts
PASS meihua full chart unchanged, complete text, bounded optional parts and actual core facts
PASS name full chart unchanged, complete text, bounded optional parts and actual core facts
PASS compat full chart unchanged, complete text, bounded optional parts and actual core facts
PASS personality full chart unchanged, complete text, bounded optional parts and actual core facts
PASS tarot full chart unchanged, complete text, bounded optional parts and actual core facts
PASS lenormand full chart unchanged, complete text, bounded optional parts and actual core facts
PASS ootk full chart unchanged, complete text, bounded optional parts and actual core facts
PASS oracle full chart unchanged, complete text, bounded optional parts and actual core facts
PASS long Unicode question and notes preserved without slicing, including emoji across chunk boundaries
PASS JSON table coding preserves zero, false, null, row order and distinct fields
PASS unknown birth time stays partial and does not gain a confirmed hour
PASS all requested Bazi decades retain exact age and UTC bounds; missing requested years are explicit
PASS all requested Ziwei years are calculated from effective lunar birth year and virtual age, retaining each decade hua
PASS unknown Ziwei and Vedic clocks do not yield confirmed houses or active dashas
PASS requested all twenty vargas includes all detailed AV tables; topic choice cannot silently discard requested vargas
PASS composite finish expands every embedded packet and remains idempotent
PASS real builder APIs return complete self-contained text and preserve their full packet
PASS complete body has no attachment instructions and all native bodies contain valid display values
PASS linear fixture: enters orb before Moon ingress although exact conjunction is after ingress
PASS linear fixture: no current application or orb entry before ingress is identified
PASS linear fixture: contact after ingress cannot be included in this sign
PASS linear fixture: zodiac wrap does not corrupt Moon ingress or intervals
PASS actual Astronomy Engine horary integrates full future orb-entry calculation with distinct exact convention
PASS six separate named rule profiles, no universal yes/no event claim
PASS applicant Rx before exact is refranation; receiver Rx is not
PASS station after perfection cannot retroactively deny it
PASS receiver sign change is evasion; applicant change is separately excluded
PASS published Venus22Cancer/Jupiter29Taurus evasion geometry with synthetic ordered dates
PASS Lilly Sun6/Mars7/Saturn12 temporal prohibition requires third first reaching receiver
PASS third contacts an unrelated planet first cannot count as first-receiver prohibition
PASS Lilly Mercury10/Mars12/Jupiter13 abscission b and c retain overlap rather than duplicate votes
PASS abscission a requires backward ingress and receiver-only contact before AB
PASS strict contrariety requires direct start, intermediate heaviness, Rx, first B then A
PASS receiver-only retrograde contact does not become contrariety
PASS already-Rx interpositor remains outside strict direct-at-chart profile
PASS combust receiver return; cazimi is not automatically combustion
PASS two Rx without combustion is follower, not automatically return
PASS missing exact within window leaves untriggered future rules undetermined
PASS non-applying pair has no denial of a perfection that was not present
PASS actual Astronomy Engine horary exports all six checks with ephemeris evidence
