START liuyao
PASS actual liuyao entry, JSON and prompt at 390
START yijing
PASS actual yijing entry, JSON and prompt at 390
START meihua
PASS actual meihua entry, JSON and prompt at 390
START lenormand
PASS actual lenormand entry, JSON and prompt at 390
START compat
PASS actual compat entry, JSON and prompt at 390
START personality
PASS actual personality entry, JSON and prompt at 390
START name
PASS actual name entry, JSON and prompt at 390
PASS actual name entry, JSON and prompt at 390
START tarot
PASS actual tarot entry, JSON and prompt at 390
START ootk
PASS actual ootk entry, JSON and prompt at 390
START oracle
PASS actual oracle entry, JSON and prompt at 390
