PASS 15 methods consume real records without mutating charts; complete JSON and HTML preserve scope
PASS Independent ten-god and directional five-element tables
PASS Bazi annual segments retain both sides of a luck transition and independently reconstruct all links
PASS Unknown Bazi export has only three pillars and excludes temporary-hour strength/luck claims
PASS Ziwei twelve actual trines/oppositions, 14 major stars, 48 flights and 12 monthly overlays
PASS Western active return changes only at the actual solar-return instant
PASS Ziwei daily/hourly locations: year/month/leap/day boundaries, twelve hours and four real transformations
PASS PVR published avastha inputs use the state-only interface; sign-only D9 dignity avoids fictitious precision
PASS Published Raman Standard Horoscope: Sun Saptavargaja 90 and Sthana 198.0
PASS Vedic six-strength totals, endpoint/boundary values, independent tropical angles and unknown-time contract
PASS Published dignity tables and two consistent examples; discrepant Cancer answer is recorded
PASS Requested first two Bazi decades export only those actually calculated decades
PASS Two unknown Ziwei birth clocks do not fabricate compatibility overlays
PASS All 20 varga house owners/occupants and three exact active dasha intervals
PASS Unknown Vedic and Western clocks never introduce varga houses, active dasha or solar return
PASS Liuren twelve generals and inner/outer battle retain element direction and emptiness
PASS 4096 line states: Yijing geometry and Liuyao changing line facts remain exact
PASS 384 Meihua charts preserve original body; pure Qian/Kun use changed nuclear chart
PASS Name comparison includes original, every candidate and all pair calculations
PASS 1931 original cycle examples remain auditable in actual five-grid output
PASS Compatibility preserves directed ten gods and native cross-pillar data
PASS Personality axis outcomes are independently reproduced from exported numeric inputs
PASS 156 RWS orientations retain actual card identity, direction, meaning and unknown-direction gap
PASS Lenormand independent 3x3, 8x4+4, 9x4 geometry; choices and branches never cross
PASS OOTK incomplete/abandoned rounds retain records without being counted completed
PASS OOTK not-started state keeps zero operations and explicitly withholds divination
PASS Combined prompt with native modules keeps all four systems/people in a practical scoped export
PASS Oracle lines retain exact poem, source and literal condition positions
PASS Prompt integration includes calculated native structures; source chart stays unchanged
PASS All compact JSON pointers resolve to present complete evidence without a cycle
PASS User input is escaped in native HTML and no capability becomes a fabricated total
{"passed":31,"total":31}
