PASS all fifteen actual engines expose arithmetic audit and distinguish an unfinished OOTK session
PASS unknown Bazi needs only three actual pillars, and never exports a fabricated hour
PASS unknown Ziwei supplement has no palace dereference crash or confirmed palace data
PASS unknown-clock compatibility JSON excludes the temporary hour in its nested chart too
PASS Jia-Chen with exposed Yi never becomes Jianlu or Yuejie merely from secondary qi
PASS Yin day with a true monthly Jie main qi keeps the monthly gate even when food is exposed
PASS all ten genuine Lu branches remain Jianlu in both pattern modules
PASS every selected Qiongtong paragraph has a clause record, including prose without regex predicates
PASS qualitative Qiongtong clauses retain unresolved context and do not certify the historical outcome
PASS all fifteen native datasets survive dense tables and scalar/object pointers exactly
PASS every Bazi fact line restores all original conditions instead of truncating its arrays
PASS compact functional text restores every source example and policy for each person
PASS printed Meihua Guanmei arithmetic reproduces Dui/Li moving first line and Xian
PASS printed Meihua peony arithmetic reproduces Qian/Xun moving fifth line and Ding
PASS printed Meihua six-character arithmetic reproduces Sheng to Tai with upper Zhen and lower Dui nuclear
PASS printed Zengshan You-month Xin-Hai Dui to Jie example matches all original branch relatives
PASS corrupt Western NaN cannot reach export
PASS a Western sign inconsistent with longitude cannot reach export
PASS a plausible but incorrect Western house is caught using the actual cusps
PASS invalid Vedic D60 signs cannot reach export
PASS a plausible but incorrect Vedic whole-sign house is caught
PASS six-power total corruption is caught before a Vedic prompt
PASS duplicated Ziwei major stars cannot reach export
PASS an incorrect Liuren sky rotation is caught
PASS Liuyao original bits inconsistent with actual coin values cannot reach export
PASS Yijing changed bits inconsistent with actual moving values cannot reach export
PASS Meihua rejects a seventh moving line before toggling its bit array
PASS a wrong five-grid total is caught rather than summarized into a name prompt
PASS a confirmed compatibility person with only three pillars is rejected
PASS personality axes cannot silently contradict the type index
PASS Book T cards also need genuine card IDs, even without RWS reversals
PASS RWS unknown orientation is partial and has no invented reversal
PASS a two-card Lenormand layout cannot accept one card without expectedCount
PASS Lenormand choice needs its shared fourth card and both three-card branches
PASS both full Lenormand layouts have only legal indexed paths and knight moves
PASS an unknown sixth OOTK operation is rejected, never counted as a completed fifth round
PASS a changed oracle original cannot borrow its source edition
PASS all four BPHS entries carry a fully calculated commentary variant for every reference and house
PASS BPHS nominal duration disagreement is computed explicitly instead of changing source numbers
PASS synthetic ephemeris: future exact contact after day one and before sign exit remains visible
PASS synthetic ephemeris: full-sign conjunction includes past contact, distinct from modern future VOC
PASS synthetic ephemeris: Moon entry and exit are correct across the 360-degree wrap
PASS actual Astronomy Engine: Moon VOC is invariant to a one-day versus four-day general timeline
PASS all fifteen self-contained prompts and fallback exports preserve facts, chunks, audit and store footer
PASS absence of audit module is unverified and is never promoted to verified
R10 45/45 groups passed
