START liuyao
PASS actual liuyao entry, JSON and prompt at 1280
START yijing
PASS actual yijing entry, JSON and prompt at 1280
START meihua
PASS actual meihua entry, JSON and prompt at 1280
START lenormand
PASS actual lenormand entry, JSON and prompt at 1280
START compat
PASS actual compat entry, JSON and prompt at 1280
START personality
PASS actual personality entry, JSON and prompt at 1280
START name
PASS actual name entry, JSON and prompt at 1280
PASS actual name entry, JSON and prompt at 1280
START tarot
PASS actual tarot entry, JSON and prompt at 1280
START ootk
PASS actual ootk entry, JSON and prompt at 1280
START oracle
PASS actual oracle entry, JSON and prompt at 1280
